Loading 74657 chunks from sep_chunks.json
Loading model: sentence-transformers/all-mpnet-base-v2
Warning: You are sending unauthenticated requests to the HF Hub. Please set a HF_TOKEN to enable higher rate limits and faster downloads.
Loading weights:   0%|          | 0/199 [00:00<?, ?it/s]Loading weights: 100%|██████████| 199/199 [00:00<00:00, 7334.50it/s]
Using device: mps:0
Embedded 500/74657 chunks
Embedded 1000/74657 chunks
Embedded 1500/74657 chunks
Embedded 2000/74657 chunks
Embedded 2500/74657 chunks
Embedded 3000/74657 chunks
Embedded 3500/74657 chunks
Embedded 4000/74657 chunks
Embedded 4500/74657 chunks
Embedded 5000/74657 chunks
Embedded 5500/74657 chunks
Embedded 6000/74657 chunks
Embedded 6500/74657 chunks
Embedded 7000/74657 chunks
Embedded 7500/74657 chunks
Embedded 8000/74657 chunks
Embedded 8500/74657 chunks
Embedded 9000/74657 chunks
Embedded 9500/74657 chunks
Embedded 10000/74657 chunks
Embedded 10500/74657 chunks
Embedded 11000/74657 chunks
Embedded 11500/74657 chunks
Embedded 12000/74657 chunks
Embedded 12500/74657 chunks
Embedded 13000/74657 chunks
Embedded 13500/74657 chunks
Embedded 14000/74657 chunks
Embedded 14500/74657 chunks
Embedded 15000/74657 chunks
Embedded 15500/74657 chunks
Embedded 16000/74657 chunks
Embedded 16500/74657 chunks
Embedded 17000/74657 chunks
Embedded 17500/74657 chunks
Embedded 18000/74657 chunks
Embedded 18500/74657 chunks
Embedded 19000/74657 chunks
Embedded 19500/74657 chunks
Embedded 20000/74657 chunks
Embedded 20500/74657 chunks
Embedded 21000/74657 chunks
Embedded 21500/74657 chunks
Embedded 22000/74657 chunks
Embedded 22500/74657 chunks
Embedded 23000/74657 chunks
Embedded 23500/74657 chunks
Embedded 24000/74657 chunks
Embedded 24500/74657 chunks
Embedded 25000/74657 chunks
Embedded 25500/74657 chunks
Embedded 26000/74657 chunks
Embedded 26500/74657 chunks
Embedded 27000/74657 chunks
Embedded 27500/74657 chunks
Embedded 28000/74657 chunks
Embedded 28500/74657 chunks
Embedded 29000/74657 chunks
Embedded 29500/74657 chunks
Embedded 30000/74657 chunks
Embedded 30500/74657 chunks
Embedded 31000/74657 chunks
Embedded 31500/74657 chunks
Embedded 32000/74657 chunks
Embedded 32500/74657 chunks
Embedded 33000/74657 chunks
Embedded 33500/74657 chunks
Embedded 34000/74657 chunks
Embedded 34500/74657 chunks
Embedded 35000/74657 chunks
Embedded 35500/74657 chunks
Embedded 36000/74657 chunks
Embedded 36500/74657 chunks
Embedded 37000/74657 chunks
Embedded 37500/74657 chunks
Embedded 38000/74657 chunks
Embedded 38500/74657 chunks
Embedded 39000/74657 chunks
Embedded 39500/74657 chunks
Embedded 40000/74657 chunks
Embedded 40500/74657 chunks
Embedded 41000/74657 chunks
Embedded 41500/74657 chunks
Embedded 42000/74657 chunks
Embedded 42500/74657 chunks
Embedded 43000/74657 chunks
Embedded 43500/74657 chunks
Embedded 44000/74657 chunks
Embedded 44500/74657 chunks
Embedded 45000/74657 chunks
Embedded 45500/74657 chunks
Embedded 46000/74657 chunks
Embedded 46500/74657 chunks
Embedded 47000/74657 chunks
Embedded 47500/74657 chunks
Embedded 48000/74657 chunks
Embedded 48500/74657 chunks
Embedded 49000/74657 chunks
Embedded 49500/74657 chunks
Embedded 50000/74657 chunks
Embedded 50500/74657 chunks
Embedded 51000/74657 chunks
Embedded 51500/74657 chunks
Embedded 52000/74657 chunks
Embedded 52500/74657 chunks
Embedded 53000/74657 chunks
Embedded 53500/74657 chunks
Embedded 54000/74657 chunks
Embedded 54500/74657 chunks
Embedded 55000/74657 chunks
Embedded 55500/74657 chunks
Embedded 56000/74657 chunks
Embedded 56500/74657 chunks
Embedded 57000/74657 chunks
Embedded 57500/74657 chunks
Embedded 58000/74657 chunks
Embedded 58500/74657 chunks
Embedded 59000/74657 chunks
Embedded 59500/74657 chunks
Embedded 60000/74657 chunks
Embedded 60500/74657 chunks
Embedded 61000/74657 chunks
Embedded 61500/74657 chunks
Embedded 62000/74657 chunks
Embedded 62500/74657 chunks
Embedded 63000/74657 chunks
Embedded 63500/74657 chunks
Embedded 64000/74657 chunks
Embedded 64500/74657 chunks
Embedded 65000/74657 chunks
Embedded 65500/74657 chunks
Embedded 66000/74657 chunks
Embedded 66500/74657 chunks
Embedded 67000/74657 chunks
Embedded 67500/74657 chunks
Embedded 68000/74657 chunks
Embedded 68500/74657 chunks
Embedded 69000/74657 chunks
Embedded 69500/74657 chunks
Embedded 70000/74657 chunks
Embedded 70500/74657 chunks
Embedded 71000/74657 chunks
Embedded 71500/74657 chunks
Embedded 72000/74657 chunks
Embedded 72500/74657 chunks
Embedded 73000/74657 chunks
Embedded 73500/74657 chunks
Embedded 74000/74657 chunks
Embedded 74500/74657 chunks
Saved embeddings with shape (74657, 768) to sep_embeddings.npy
