0 verbose cli /usr/local/bin/node /usr/local/bin/npm
1 info using npm@11.6.2
2 info using node@v25.2.1
3 silly config load:file:/usr/local/lib/node_modules/npm/npmrc
4 silly config load:file:/Users/khizar/zetesis/frontend/.npmrc
5 silly config load:file:/Users/khizar/.npmrc
6 silly config load:file:/usr/local/etc/npmrc
7 verbose title npm install
8 verbose argv "install" "--cache" ".npm-cache"
9 verbose logfile logs-max:10 dir:/Users/khizar/zetesis/frontend/.npm-cache/_logs/2026-05-20T04_20_24_067Z-
10 verbose logfile /Users/khizar/zetesis/frontend/.npm-cache/_logs/2026-05-20T04_20_24_067Z-debug-0.log
11 silly logfile done cleaning log files
12 silly packumentCache heap:4496293888 maxSize:1124073472 maxEntrySize:562036736
13 silly idealTree buildDeps
14 silly fetch manifest d3@^7.9.0
15 silly packumentCache full:https://registry.npmjs.org/d3 cache-miss
16 http fetch GET 200 https://registry.npmjs.org/d3 144ms (cache miss)
17 silly packumentCache full:https://registry.npmjs.org/d3 set size:undefined disposed:false
18 silly placeDep ROOT d3@7.9.0 OK for: zetesis-frontend@0.1.0 want: ^7.9.0
19 silly fetch manifest d3-dsv@3
20 silly packumentCache full:https://registry.npmjs.org/d3-dsv cache-miss
21 silly fetch manifest d3-geo@3
22 silly packumentCache full:https://registry.npmjs.org/d3-geo cache-miss
23 silly fetch manifest d3-axis@3
24 silly packumentCache full:https://registry.npmjs.org/d3-axis cache-miss
25 silly fetch manifest d3-drag@3
26 silly packumentCache full:https://registry.npmjs.org/d3-drag cache-miss
27 silly fetch manifest d3-ease@3
28 silly packumentCache full:https://registry.npmjs.org/d3-ease cache-miss
29 silly fetch manifest d3-path@3
30 silly packumentCache full:https://registry.npmjs.org/d3-path cache-miss
31 silly fetch manifest d3-time@3
32 silly packumentCache full:https://registry.npmjs.org/d3-time cache-miss
33 silly fetch manifest d3-zoom@3
34 silly packumentCache full:https://registry.npmjs.org/d3-zoom cache-miss
35 silly fetch manifest d3-array@3
36 silly packumentCache full:https://registry.npmjs.org/d3-array cache-miss
37 http fetch GET 200 https://registry.npmjs.org/npm 201ms
38 http fetch GET 200 https://registry.npmjs.org/d3-dsv 39ms (cache miss)
39 silly packumentCache full:https://registry.npmjs.org/d3-dsv set size:undefined disposed:false
40 silly fetch manifest d3-brush@3
41 silly packumentCache full:https://registry.npmjs.org/d3-brush cache-miss
42 http fetch GET 200 https://registry.npmjs.org/d3-brush 31ms (cache miss)
43 silly packumentCache full:https://registry.npmjs.org/d3-brush set size:undefined disposed:false
44 silly fetch manifest d3-chord@3
45 silly packumentCache full:https://registry.npmjs.org/d3-chord cache-miss
46 http fetch GET 200 https://registry.npmjs.org/d3-axis 73ms (cache miss)
47 silly packumentCache full:https://registry.npmjs.org/d3-axis set size:undefined disposed:false
48 silly fetch manifest d3-color@3
49 silly packumentCache full:https://registry.npmjs.org/d3-color cache-miss
50 http fetch GET 200 https://registry.npmjs.org/d3-path 82ms (cache miss)
51 silly packumentCache full:https://registry.npmjs.org/d3-path set size:undefined disposed:false
52 silly fetch manifest d3-fetch@3
53 silly packumentCache full:https://registry.npmjs.org/d3-fetch cache-miss
54 http fetch GET 200 https://registry.npmjs.org/d3-ease 83ms (cache miss)
55 silly packumentCache full:https://registry.npmjs.org/d3-ease set size:undefined disposed:false
56 silly fetch manifest d3-force@3
57 silly packumentCache full:https://registry.npmjs.org/d3-force cache-miss
58 http fetch GET 200 https://registry.npmjs.org/d3-drag 84ms (cache miss)
59 silly packumentCache full:https://registry.npmjs.org/d3-drag set size:undefined disposed:false
60 silly fetch manifest d3-scale@4
61 silly packumentCache full:https://registry.npmjs.org/d3-scale cache-miss
62 http fetch GET 200 https://registry.npmjs.org/d3-time 85ms (cache miss)
63 silly packumentCache full:https://registry.npmjs.org/d3-time set size:undefined disposed:false
64 silly fetch manifest d3-shape@3
65 silly packumentCache full:https://registry.npmjs.org/d3-shape cache-miss
66 http fetch GET 200 https://registry.npmjs.org/d3-zoom 86ms (cache miss)
67 silly packumentCache full:https://registry.npmjs.org/d3-zoom set size:undefined disposed:false
68 silly fetch manifest d3-timer@3
69 silly packumentCache full:https://registry.npmjs.org/d3-timer cache-miss
70 http fetch GET 200 https://registry.npmjs.org/d3-geo 88ms (cache miss)
71 silly packumentCache full:https://registry.npmjs.org/d3-geo set size:undefined disposed:false
72 silly fetch manifest d3-format@3
73 silly packumentCache full:https://registry.npmjs.org/d3-format cache-miss
74 http fetch GET 200 https://registry.npmjs.org/d3-array 90ms (cache miss)
75 silly packumentCache full:https://registry.npmjs.org/d3-array set size:undefined disposed:false
76 silly fetch manifest d3-random@3
77 silly packumentCache full:https://registry.npmjs.org/d3-random cache-miss
78 http fetch GET 200 https://registry.npmjs.org/d3-color 29ms (cache miss)
79 silly packumentCache full:https://registry.npmjs.org/d3-color set size:undefined disposed:false
80 silly fetch manifest d3-contour@4
81 silly packumentCache full:https://registry.npmjs.org/d3-contour cache-miss
82 http fetch GET 200 https://registry.npmjs.org/d3-chord 31ms (cache miss)
83 silly packumentCache full:https://registry.npmjs.org/d3-chord set size:undefined disposed:false
84 silly fetch manifest d3-polygon@3
85 silly packumentCache full:https://registry.npmjs.org/d3-polygon cache-miss
86 http fetch GET 200 https://registry.npmjs.org/d3-fetch 23ms (cache miss)
87 silly packumentCache full:https://registry.npmjs.org/d3-fetch set size:undefined disposed:false
88 silly fetch manifest d3-delaunay@6
89 silly packumentCache full:https://registry.npmjs.org/d3-delaunay cache-miss
90 http fetch GET 200 https://registry.npmjs.org/d3-random 25ms (cache miss)
91 silly packumentCache full:https://registry.npmjs.org/d3-random set size:undefined disposed:false
92 silly fetch manifest d3-dispatch@3
93 silly packumentCache full:https://registry.npmjs.org/d3-dispatch cache-miss
94 http fetch GET 200 https://registry.npmjs.org/d3-timer 31ms (cache miss)
95 silly packumentCache full:https://registry.npmjs.org/d3-timer set size:undefined disposed:false
96 silly fetch manifest d3-quadtree@3
97 silly packumentCache full:https://registry.npmjs.org/d3-quadtree cache-miss
98 http fetch GET 200 https://registry.npmjs.org/d3-format 35ms (cache miss)
99 silly packumentCache full:https://registry.npmjs.org/d3-format set size:undefined disposed:false
100 silly fetch manifest d3-hierarchy@3
101 silly packumentCache full:https://registry.npmjs.org/d3-hierarchy cache-miss
102 http fetch GET 200 https://registry.npmjs.org/d3-force 43ms (cache miss)
103 silly packumentCache full:https://registry.npmjs.org/d3-force set size:undefined disposed:false
104 silly fetch manifest d3-selection@3
105 silly packumentCache full:https://registry.npmjs.org/d3-selection cache-miss
106 http fetch GET 200 https://registry.npmjs.org/d3-shape 42ms (cache miss)
107 silly packumentCache full:https://registry.npmjs.org/d3-shape set size:undefined disposed:false
108 silly fetch manifest d3-transition@3
109 silly packumentCache full:https://registry.npmjs.org/d3-transition cache-miss
110 http fetch GET 200 https://registry.npmjs.org/d3-polygon 26ms (cache miss)
111 silly packumentCache full:https://registry.npmjs.org/d3-polygon set size:undefined disposed:false
112 silly fetch manifest d3-interpolate@3
113 silly packumentCache full:https://registry.npmjs.org/d3-interpolate cache-miss
114 http fetch GET 200 https://registry.npmjs.org/d3-scale 47ms (cache miss)
115 silly packumentCache full:https://registry.npmjs.org/d3-scale set size:undefined disposed:false
116 silly fetch manifest d3-time-format@4
117 silly packumentCache full:https://registry.npmjs.org/d3-time-format cache-miss
118 http fetch GET 200 https://registry.npmjs.org/d3-contour 31ms (cache miss)
119 silly packumentCache full:https://registry.npmjs.org/d3-contour set size:undefined disposed:false
120 silly fetch manifest d3-scale-chromatic@3
121 silly packumentCache full:https://registry.npmjs.org/d3-scale-chromatic cache-miss
122 http fetch GET 200 https://registry.npmjs.org/d3-delaunay 28ms (cache miss)
123 silly packumentCache full:https://registry.npmjs.org/d3-delaunay set size:undefined disposed:false
124 http fetch GET 200 https://registry.npmjs.org/d3-quadtree 24ms (cache miss)
125 silly packumentCache full:https://registry.npmjs.org/d3-quadtree set size:undefined disposed:false
126 http fetch GET 200 https://registry.npmjs.org/d3-dispatch 26ms (cache miss)
127 silly packumentCache full:https://registry.npmjs.org/d3-dispatch set size:undefined disposed:false
128 http fetch GET 200 https://registry.npmjs.org/d3-time-format 27ms (cache miss)
129 silly packumentCache full:https://registry.npmjs.org/d3-time-format set size:undefined disposed:false
130 http fetch GET 200 https://registry.npmjs.org/d3-scale-chromatic 27ms (cache miss)
131 silly packumentCache full:https://registry.npmjs.org/d3-scale-chromatic set size:undefined disposed:false
132 http fetch GET 200 https://registry.npmjs.org/d3-interpolate 31ms (cache miss)
133 silly packumentCache full:https://registry.npmjs.org/d3-interpolate set size:undefined disposed:false
134 http fetch GET 200 https://registry.npmjs.org/d3-hierarchy 38ms (cache miss)
135 silly packumentCache full:https://registry.npmjs.org/d3-hierarchy set size:undefined disposed:false
136 http fetch GET 200 https://registry.npmjs.org/d3-transition 45ms (cache miss)
137 silly packumentCache full:https://registry.npmjs.org/d3-transition set size:undefined disposed:false
138 http fetch GET 200 https://registry.npmjs.org/d3-selection 55ms (cache miss)
139 silly packumentCache full:https://registry.npmjs.org/d3-selection set size:undefined disposed:false
140 silly placeDep ROOT d3-array@3.2.4 OK for: d3@7.9.0 want: 3
141 silly placeDep ROOT d3-axis@3.0.0 OK for: d3@7.9.0 want: 3
142 silly placeDep ROOT d3-brush@3.0.0 OK for: d3@7.9.0 want: 3
143 silly placeDep ROOT d3-chord@3.0.1 OK for: d3@7.9.0 want: 3
144 silly placeDep ROOT d3-color@3.1.0 OK for: d3@7.9.0 want: 3
145 silly placeDep ROOT d3-contour@4.0.2 OK for: d3@7.9.0 want: 4
146 silly placeDep ROOT d3-delaunay@6.0.4 OK for: d3@7.9.0 want: 6
147 silly placeDep ROOT d3-dispatch@3.0.1 OK for: d3@7.9.0 want: 3
148 silly placeDep ROOT d3-drag@3.0.0 OK for: d3@7.9.0 want: 3
149 silly placeDep ROOT d3-dsv@3.0.1 OK for: d3@7.9.0 want: 3
150 silly placeDep ROOT d3-ease@3.0.1 OK for: d3@7.9.0 want: 3
151 silly placeDep ROOT d3-fetch@3.0.1 OK for: d3@7.9.0 want: 3
152 silly placeDep ROOT d3-force@3.0.0 OK for: d3@7.9.0 want: 3
153 silly placeDep ROOT d3-format@3.1.2 OK for: d3@7.9.0 want: 3
154 silly placeDep ROOT d3-geo@3.1.1 OK for: d3@7.9.0 want: 3
155 silly placeDep ROOT d3-hierarchy@3.1.2 OK for: d3@7.9.0 want: 3
156 silly placeDep ROOT d3-interpolate@3.0.1 OK for: d3@7.9.0 want: 3
157 silly placeDep ROOT d3-path@3.1.0 OK for: d3@7.9.0 want: 3
158 silly placeDep ROOT d3-polygon@3.0.1 OK for: d3@7.9.0 want: 3
159 silly placeDep ROOT d3-quadtree@3.0.1 OK for: d3@7.9.0 want: 3
160 silly placeDep ROOT d3-random@3.0.1 OK for: d3@7.9.0 want: 3
161 silly placeDep ROOT d3-scale@4.0.2 OK for: d3@7.9.0 want: 4
162 silly placeDep ROOT d3-scale-chromatic@3.1.0 OK for: d3@7.9.0 want: 3
163 silly placeDep ROOT d3-selection@3.0.0 OK for: d3@7.9.0 want: 3
164 silly placeDep ROOT d3-shape@3.2.0 OK for: d3@7.9.0 want: 3
165 silly placeDep ROOT d3-time@3.1.0 OK for: d3@7.9.0 want: 3
166 silly placeDep ROOT d3-time-format@4.1.0 OK for: d3@7.9.0 want: 4
167 silly placeDep ROOT d3-timer@3.0.1 OK for: d3@7.9.0 want: 3
168 silly placeDep ROOT d3-transition@3.0.1 OK for: d3@7.9.0 want: 3
169 silly placeDep ROOT d3-zoom@3.0.0 OK for: d3@7.9.0 want: 3
170 silly fetch manifest internmap@1 - 2
171 silly packumentCache full:https://registry.npmjs.org/internmap cache-miss
172 silly fetch manifest d3-dispatch@1 - 3
173 silly packumentCache full:https://registry.npmjs.org/d3-dispatch cache-miss
174 silly fetch manifest d3-drag@2 - 3
175 silly packumentCache full:https://registry.npmjs.org/d3-drag cache-miss
176 silly fetch manifest d3-interpolate@1 - 3
177 silly packumentCache full:https://registry.npmjs.org/d3-interpolate cache-miss
178 silly fetch manifest d3-path@1 - 3
179 silly packumentCache full:https://registry.npmjs.org/d3-path cache-miss
180 silly fetch manifest delaunator@5
181 silly packumentCache full:https://registry.npmjs.org/delaunator cache-miss
182 silly fetch manifest commander@7
183 silly packumentCache full:https://registry.npmjs.org/commander cache-miss
184 silly fetch manifest iconv-lite@0.6
185 silly packumentCache full:https://registry.npmjs.org/iconv-lite cache-miss
186 silly fetch manifest rw@1
187 silly packumentCache full:https://registry.npmjs.org/rw cache-miss
188 http cache https://registry.npmjs.org/d3-interpolate 4ms (cache hit)
189 silly packumentCache full:https://registry.npmjs.org/d3-interpolate set size:162337 disposed:false
190 silly fetch manifest d3-quadtree@1 - 3
191 silly packumentCache full:https://registry.npmjs.org/d3-quadtree cache-miss
192 http cache https://registry.npmjs.org/d3-drag 5ms (cache hit)
193 silly packumentCache full:https://registry.npmjs.org/d3-drag set size:116130 disposed:false
194 silly fetch manifest d3-timer@1 - 3
195 silly packumentCache full:https://registry.npmjs.org/d3-timer cache-miss
196 http cache https://registry.npmjs.org/d3-dispatch 6ms (cache hit)
197 silly packumentCache full:https://registry.npmjs.org/d3-dispatch set size:82955 disposed:false
198 silly fetch manifest d3-time@2.1.1 - 3
199 silly packumentCache full:https://registry.npmjs.org/d3-time cache-miss
200 http cache https://registry.npmjs.org/d3-path 5ms (cache hit)
201 silly packumentCache full:https://registry.npmjs.org/d3-path set size:77883 disposed:false
202 silly fetch manifest d3-time-format@2 - 4
203 silly packumentCache full:https://registry.npmjs.org/d3-time-format cache-miss
204 http cache https://registry.npmjs.org/d3-timer 3ms (cache hit)
205 silly packumentCache full:https://registry.npmjs.org/d3-timer set size:101516 disposed:false
206 http cache https://registry.npmjs.org/d3-time-format 2ms (cache hit)
207 silly packumentCache full:https://registry.npmjs.org/d3-time-format set size:124514 disposed:false
208 http cache https://registry.npmjs.org/d3-quadtree 4ms (cache hit)
209 silly packumentCache full:https://registry.npmjs.org/d3-quadtree set size:98011 disposed:false
210 http cache https://registry.npmjs.org/d3-time 3ms (cache hit)
211 silly packumentCache full:https://registry.npmjs.org/d3-time set size:150406 disposed:false
212 http fetch GET 200 https://registry.npmjs.org/rw 26ms (cache miss)
213 silly packumentCache full:https://registry.npmjs.org/rw set size:undefined disposed:false
214 http fetch GET 200 https://registry.npmjs.org/delaunator 26ms (cache miss)
215 silly packumentCache full:https://registry.npmjs.org/delaunator set size:undefined disposed:false
216 http fetch GET 200 https://registry.npmjs.org/iconv-lite 27ms (cache miss)
217 silly packumentCache full:https://registry.npmjs.org/iconv-lite set size:undefined disposed:false
218 http fetch GET 200 https://registry.npmjs.org/internmap 30ms (cache miss)
219 silly packumentCache full:https://registry.npmjs.org/internmap set size:undefined disposed:false
220 http fetch GET 200 https://registry.npmjs.org/commander 30ms (cache miss)
221 silly packumentCache full:https://registry.npmjs.org/commander set size:undefined disposed:false
222 silly placeDep ROOT internmap@2.0.3 OK for: d3-array@3.2.4 want: 1 - 2
223 silly placeDep ROOT delaunator@5.1.0 OK for: d3-delaunay@6.0.4 want: 5
224 silly fetch manifest robust-predicates@^3.0.2
225 silly packumentCache full:https://registry.npmjs.org/robust-predicates cache-miss
226 http fetch GET 200 https://registry.npmjs.org/robust-predicates 22ms (cache miss)
227 silly packumentCache full:https://registry.npmjs.org/robust-predicates set size:undefined disposed:false
228 silly placeDep ROOT commander@7.2.0 OK for: d3-dsv@3.0.1 want: 7
229 silly placeDep ROOT iconv-lite@0.6.3 OK for: d3-dsv@3.0.1 want: 0.6
230 silly placeDep ROOT rw@1.3.3 OK for: d3-dsv@3.0.1 want: 1
231 silly fetch manifest safer-buffer@>= 2.1.2 < 3.0.0
232 silly packumentCache full:https://registry.npmjs.org/safer-buffer cache-miss
233 http fetch GET 200 https://registry.npmjs.org/safer-buffer 25ms (cache miss)
234 silly packumentCache full:https://registry.npmjs.org/safer-buffer set size:undefined disposed:false
235 silly placeDep ROOT robust-predicates@3.0.3 OK for: delaunator@5.1.0 want: ^3.0.2
236 silly placeDep ROOT safer-buffer@2.1.2 OK for: iconv-lite@0.6.3 want: >= 2.1.2 < 3.0.0
237 silly reify moves {}
238 silly audit bulk request {
238 silly audit   '@babel/code-frame': [ '7.29.0' ],
238 silly audit   '@babel/compat-data': [ '7.29.3' ],
238 silly audit   '@babel/core': [ '7.29.0' ],
238 silly audit   '@babel/generator': [ '7.29.1' ],
238 silly audit   '@babel/helper-compilation-targets': [ '7.28.6' ],
238 silly audit   '@babel/helper-globals': [ '7.28.0' ],
238 silly audit   '@babel/helper-module-imports': [ '7.28.6' ],
238 silly audit   '@babel/helper-module-transforms': [ '7.28.6' ],
238 silly audit   '@babel/helper-plugin-utils': [ '7.28.6' ],
238 silly audit   '@babel/helper-string-parser': [ '7.27.1' ],
238 silly audit   '@babel/helper-validator-identifier': [ '7.28.5' ],
238 silly audit   '@babel/helper-validator-option': [ '7.27.1' ],
238 silly audit   '@babel/helpers': [ '7.29.2' ],
238 silly audit   '@babel/parser': [ '7.29.3' ],
238 silly audit   '@babel/plugin-transform-react-jsx-self': [ '7.27.1' ],
238 silly audit   '@babel/plugin-transform-react-jsx-source': [ '7.27.1' ],
238 silly audit   '@babel/template': [ '7.28.6' ],
238 silly audit   '@babel/traverse': [ '7.29.0' ],
238 silly audit   '@babel/types': [ '7.29.0' ],
238 silly audit   '@esbuild/aix-ppc64': [ '0.27.7' ],
238 silly audit   '@esbuild/android-arm': [ '0.27.7' ],
238 silly audit   '@esbuild/android-arm64': [ '0.27.7' ],
238 silly audit   '@esbuild/android-x64': [ '0.27.7' ],
238 silly audit   '@esbuild/darwin-arm64': [ '0.27.7' ],
238 silly audit   '@esbuild/darwin-x64': [ '0.27.7' ],
238 silly audit   '@esbuild/freebsd-arm64': [ '0.27.7' ],
238 silly audit   '@esbuild/freebsd-x64': [ '0.27.7' ],
238 silly audit   '@esbuild/linux-arm': [ '0.27.7' ],
238 silly audit   '@esbuild/linux-arm64': [ '0.27.7' ],
238 silly audit   '@esbuild/linux-ia32': [ '0.27.7' ],
238 silly audit   '@esbuild/linux-loong64': [ '0.27.7' ],
238 silly audit   '@esbuild/linux-mips64el': [ '0.27.7' ],
238 silly audit   '@esbuild/linux-ppc64': [ '0.27.7' ],
238 silly audit   '@esbuild/linux-riscv64': [ '0.27.7' ],
238 silly audit   '@esbuild/linux-s390x': [ '0.27.7' ],
238 silly audit   '@esbuild/linux-x64': [ '0.27.7' ],
238 silly audit   '@esbuild/netbsd-arm64': [ '0.27.7' ],
238 silly audit   '@esbuild/netbsd-x64': [ '0.27.7' ],
238 silly audit   '@esbuild/openbsd-arm64': [ '0.27.7' ],
238 silly audit   '@esbuild/openbsd-x64': [ '0.27.7' ],
238 silly audit   '@esbuild/openharmony-arm64': [ '0.27.7' ],
238 silly audit   '@esbuild/sunos-x64': [ '0.27.7' ],
238 silly audit   '@esbuild/win32-arm64': [ '0.27.7' ],
238 silly audit   '@esbuild/win32-ia32': [ '0.27.7' ],
238 silly audit   '@esbuild/win32-x64': [ '0.27.7' ],
238 silly audit   '@jridgewell/gen-mapping': [ '0.3.13' ],
238 silly audit   '@jridgewell/remapping': [ '2.3.5' ],
238 silly audit   '@jridgewell/resolve-uri': [ '3.1.2' ],
238 silly audit   '@jridgewell/sourcemap-codec': [ '1.5.5' ],
238 silly audit   '@jridgewell/trace-mapping': [ '0.3.31' ],
238 silly audit   '@rolldown/pluginutils': [ '1.0.0-rc.3' ],
238 silly audit   '@rollup/rollup-android-arm-eabi': [ '4.60.3' ],
238 silly audit   '@rollup/rollup-android-arm64': [ '4.60.3' ],
238 silly audit   '@rollup/rollup-darwin-arm64': [ '4.60.3' ],
238 silly audit   '@rollup/rollup-darwin-x64': [ '4.60.3' ],
238 silly audit   '@rollup/rollup-freebsd-arm64': [ '4.60.3' ],
238 silly audit   '@rollup/rollup-freebsd-x64': [ '4.60.3' ],
238 silly audit   '@rollup/rollup-linux-arm-gnueabihf': [ '4.60.3' ],
238 silly audit   '@rollup/rollup-linux-arm-musleabihf': [ '4.60.3' ],
238 silly audit   '@rollup/rollup-linux-arm64-gnu': [ '4.60.3' ],
238 silly audit   '@rollup/rollup-linux-arm64-musl': [ '4.60.3' ],
238 silly audit   '@rollup/rollup-linux-loong64-gnu': [ '4.60.3' ],
238 silly audit   '@rollup/rollup-linux-loong64-musl': [ '4.60.3' ],
238 silly audit   '@rollup/rollup-linux-ppc64-gnu': [ '4.60.3' ],
238 silly audit   '@rollup/rollup-linux-ppc64-musl': [ '4.60.3' ],
238 silly audit   '@rollup/rollup-linux-riscv64-gnu': [ '4.60.3' ],
238 silly audit   '@rollup/rollup-linux-riscv64-musl': [ '4.60.3' ],
238 silly audit   '@rollup/rollup-linux-s390x-gnu': [ '4.60.3' ],
238 silly audit   '@rollup/rollup-linux-x64-gnu': [ '4.60.3' ],
238 silly audit   '@rollup/rollup-linux-x64-musl': [ '4.60.3' ],
238 silly audit   '@rollup/rollup-openbsd-x64': [ '4.60.3' ],
238 silly audit   '@rollup/rollup-openharmony-arm64': [ '4.60.3' ],
238 silly audit   '@rollup/rollup-win32-arm64-msvc': [ '4.60.3' ],
238 silly audit   '@rollup/rollup-win32-ia32-msvc': [ '4.60.3' ],
238 silly audit   '@rollup/rollup-win32-x64-gnu': [ '4.60.3' ],
238 silly audit   '@rollup/rollup-win32-x64-msvc': [ '4.60.3' ],
238 silly audit   '@types/babel__core': [ '7.20.5' ],
238 silly audit   '@types/babel__generator': [ '7.27.0' ],
238 silly audit   '@types/babel__template': [ '7.4.4' ],
238 silly audit   '@types/babel__traverse': [ '7.28.0' ],
238 silly audit   '@types/estree': [ '1.0.8' ],
238 silly audit   '@vitejs/plugin-react': [ '5.2.0' ],
238 silly audit   'baseline-browser-mapping': [ '2.10.29' ],
238 silly audit   browserslist: [ '4.28.2' ],
238 silly audit   'caniuse-lite': [ '1.0.30001792' ],
238 silly audit   'convert-source-map': [ '2.0.0' ],
238 silly audit   debug: [ '4.4.3' ],
238 silly audit   'electron-to-chromium': [ '1.5.353' ],
238 silly audit   esbuild: [ '0.27.7' ],
238 silly audit   escalade: [ '3.2.0' ],
238 silly audit   fdir: [ '6.5.0' ],
238 silly audit   fsevents: [ '2.3.3' ],
238 silly audit   gensync: [ '1.0.0-beta.2' ],
238 silly audit   'js-tokens': [ '4.0.0' ],
238 silly audit   jsesc: [ '3.1.0' ],
238 silly audit   json5: [ '2.2.3' ],
238 silly audit   'lru-cache': [ '5.1.1' ],
238 silly audit   ms: [ '2.1.3' ],
238 silly audit   nanoid: [ '3.3.12' ],
238 silly audit   'node-releases': [ '2.0.38' ],
238 silly audit   picocolors: [ '1.1.1' ],
238 silly audit   picomatch: [ '4.0.4' ],
238 silly audit   postcss: [ '8.5.14' ],
238 silly audit   react: [ '19.2.6' ],
238 silly audit   'react-dom': [ '19.2.6' ],
238 silly audit   'react-refresh': [ '0.18.0' ],
238 silly audit   rollup: [ '4.60.3' ],
238 silly audit   scheduler: [ '0.27.0' ],
238 silly audit   semver: [ '6.3.1' ],
238 silly audit   'source-map-js': [ '1.2.1' ],
238 silly audit   tinyglobby: [ '0.2.16' ],
238 silly audit   'update-browserslist-db': [ '1.2.3' ],
238 silly audit   vite: [ '7.3.3' ],
238 silly audit   yallist: [ '3.1.1' ],
238 silly audit   d3: [ '7.9.0' ],
238 silly audit   'd3-array': [ '3.2.4' ],
238 silly audit   'd3-axis': [ '3.0.0' ],
238 silly audit   'd3-brush': [ '3.0.0' ],
238 silly audit   'd3-chord': [ '3.0.1' ],
238 silly audit   'd3-color': [ '3.1.0' ],
238 silly audit   'd3-contour': [ '4.0.2' ],
238 silly audit   'd3-delaunay': [ '6.0.4' ],
238 silly audit   'd3-dispatch': [ '3.0.1' ],
238 silly audit   'd3-drag': [ '3.0.0' ],
238 silly audit   'd3-dsv': [ '3.0.1' ],
238 silly audit   'd3-ease': [ '3.0.1' ],
238 silly audit   'd3-fetch': [ '3.0.1' ],
238 silly audit   'd3-force': [ '3.0.0' ],
238 silly audit   'd3-format': [ '3.1.2' ],
238 silly audit   'd3-geo': [ '3.1.1' ],
238 silly audit   'd3-hierarchy': [ '3.1.2' ],
238 silly audit   'd3-interpolate': [ '3.0.1' ],
238 silly audit   'd3-path': [ '3.1.0' ],
238 silly audit   'd3-polygon': [ '3.0.1' ],
238 silly audit   'd3-quadtree': [ '3.0.1' ],
238 silly audit   'd3-random': [ '3.0.1' ],
238 silly audit   'd3-scale': [ '4.0.2' ],
238 silly audit   'd3-scale-chromatic': [ '3.1.0' ],
238 silly audit   'd3-selection': [ '3.0.0' ],
238 silly audit   'd3-shape': [ '3.2.0' ],
238 silly audit   'd3-time': [ '3.1.0' ],
238 silly audit   'd3-time-format': [ '4.1.0' ],
238 silly audit   'd3-timer': [ '3.0.1' ],
238 silly audit   'd3-transition': [ '3.0.1' ],
238 silly audit   'd3-zoom': [ '3.0.0' ],
238 silly audit   internmap: [ '2.0.3' ],
238 silly audit   delaunator: [ '5.1.0' ],
238 silly audit   commander: [ '7.2.0' ],
238 silly audit   'iconv-lite': [ '0.6.3' ],
238 silly audit   rw: [ '1.3.3' ],
238 silly audit   'robust-predicates': [ '3.0.3' ],
238 silly audit   'safer-buffer': [ '2.1.2' ]
238 silly audit }
239 http cache safer-buffer@https://registry.npmjs.org/safer-buffer/-/safer-buffer-2.1.2.tgz 0ms (cache hit)
240 http cache rw@https://registry.npmjs.org/rw/-/rw-1.3.3.tgz 0ms (cache hit)
241 http cache robust-predicates@https://registry.npmjs.org/robust-predicates/-/robust-predicates-3.0.3.tgz 0ms (cache hit)
242 http cache iconv-lite@https://registry.npmjs.org/iconv-lite/-/iconv-lite-0.6.3.tgz 0ms (cache hit)
243 http cache commander@https://registry.npmjs.org/commander/-/commander-7.2.0.tgz 0ms (cache hit)
244 http cache internmap@https://registry.npmjs.org/internmap/-/internmap-2.0.3.tgz 0ms (cache hit)
245 http cache delaunator@https://registry.npmjs.org/delaunator/-/delaunator-5.1.0.tgz 0ms (cache hit)
246 http cache d3-zoom@https://registry.npmjs.org/d3-zoom/-/d3-zoom-3.0.0.tgz 0ms (cache hit)
247 http cache d3-timer@https://registry.npmjs.org/d3-timer/-/d3-timer-3.0.1.tgz 0ms (cache hit)
248 http cache d3-transition@https://registry.npmjs.org/d3-transition/-/d3-transition-3.0.1.tgz 0ms (cache hit)
249 http cache d3-shape@https://registry.npmjs.org/d3-shape/-/d3-shape-3.2.0.tgz 0ms (cache hit)
250 http cache d3-time-format@https://registry.npmjs.org/d3-time-format/-/d3-time-format-4.1.0.tgz 0ms (cache hit)
251 http cache d3-selection@https://registry.npmjs.org/d3-selection/-/d3-selection-3.0.0.tgz 0ms (cache hit)
252 http cache d3-scale-chromatic@https://registry.npmjs.org/d3-scale-chromatic/-/d3-scale-chromatic-3.1.0.tgz 0ms (cache hit)
253 http cache d3-scale@https://registry.npmjs.org/d3-scale/-/d3-scale-4.0.2.tgz 0ms (cache hit)
254 http cache d3-random@https://registry.npmjs.org/d3-random/-/d3-random-3.0.1.tgz 0ms (cache hit)
255 http cache d3-time@https://registry.npmjs.org/d3-time/-/d3-time-3.1.0.tgz 0ms (cache hit)
256 http cache d3-polygon@https://registry.npmjs.org/d3-polygon/-/d3-polygon-3.0.1.tgz 0ms (cache hit)
257 http cache d3-interpolate@https://registry.npmjs.org/d3-interpolate/-/d3-interpolate-3.0.1.tgz 0ms (cache hit)
258 http cache d3-hierarchy@https://registry.npmjs.org/d3-hierarchy/-/d3-hierarchy-3.1.2.tgz 1ms (cache hit)
259 http cache d3-quadtree@https://registry.npmjs.org/d3-quadtree/-/d3-quadtree-3.0.1.tgz 0ms (cache hit)
260 http cache d3-geo@https://registry.npmjs.org/d3-geo/-/d3-geo-3.1.1.tgz 0ms (cache hit)
261 http cache d3-format@https://registry.npmjs.org/d3-format/-/d3-format-3.1.2.tgz 0ms (cache hit)
262 http cache d3-force@https://registry.npmjs.org/d3-force/-/d3-force-3.0.0.tgz 0ms (cache hit)
263 http cache d3-fetch@https://registry.npmjs.org/d3-fetch/-/d3-fetch-3.0.1.tgz 0ms (cache hit)
264 http cache d3-ease@https://registry.npmjs.org/d3-ease/-/d3-ease-3.0.1.tgz 0ms (cache hit)
265 http cache d3-dsv@https://registry.npmjs.org/d3-dsv/-/d3-dsv-3.0.1.tgz 0ms (cache hit)
266 http cache d3-dispatch@https://registry.npmjs.org/d3-dispatch/-/d3-dispatch-3.0.1.tgz 0ms (cache hit)
267 http cache d3-delaunay@https://registry.npmjs.org/d3-delaunay/-/d3-delaunay-6.0.4.tgz 0ms (cache hit)
268 http cache d3-drag@https://registry.npmjs.org/d3-drag/-/d3-drag-3.0.0.tgz 0ms (cache hit)
269 http cache d3-path@https://registry.npmjs.org/d3-path/-/d3-path-3.1.0.tgz 0ms (cache hit)
270 http cache d3-contour@https://registry.npmjs.org/d3-contour/-/d3-contour-4.0.2.tgz 0ms (cache hit)
271 http cache d3-color@https://registry.npmjs.org/d3-color/-/d3-color-3.1.0.tgz 0ms (cache hit)
272 http cache d3-chord@https://registry.npmjs.org/d3-chord/-/d3-chord-3.0.1.tgz 0ms (cache hit)
273 http cache d3-axis@https://registry.npmjs.org/d3-axis/-/d3-axis-3.0.0.tgz 0ms (cache hit)
274 http cache d3-array@https://registry.npmjs.org/d3-array/-/d3-array-3.2.4.tgz 0ms (cache hit)
275 http cache d3@https://registry.npmjs.org/d3/-/d3-7.9.0.tgz 0ms (cache hit)
276 http cache d3-brush@https://registry.npmjs.org/d3-brush/-/d3-brush-3.0.0.tgz 0ms (cache hit)
277 silly tarball no local data for safer-buffer@https://registry.npmjs.org/safer-buffer/-/safer-buffer-2.1.2.tgz. Extracting by manifest.
278 silly tarball no local data for rw@https://registry.npmjs.org/rw/-/rw-1.3.3.tgz. Extracting by manifest.
279 silly tarball no local data for robust-predicates@https://registry.npmjs.org/robust-predicates/-/robust-predicates-3.0.3.tgz. Extracting by manifest.
280 silly tarball no local data for iconv-lite@https://registry.npmjs.org/iconv-lite/-/iconv-lite-0.6.3.tgz. Extracting by manifest.
281 silly tarball no local data for commander@https://registry.npmjs.org/commander/-/commander-7.2.0.tgz. Extracting by manifest.
282 silly tarball no local data for internmap@https://registry.npmjs.org/internmap/-/internmap-2.0.3.tgz. Extracting by manifest.
283 silly tarball no local data for delaunator@https://registry.npmjs.org/delaunator/-/delaunator-5.1.0.tgz. Extracting by manifest.
284 silly tarball no local data for d3-zoom@https://registry.npmjs.org/d3-zoom/-/d3-zoom-3.0.0.tgz. Extracting by manifest.
285 silly tarball no local data for d3-timer@https://registry.npmjs.org/d3-timer/-/d3-timer-3.0.1.tgz. Extracting by manifest.
286 silly tarball no local data for d3-transition@https://registry.npmjs.org/d3-transition/-/d3-transition-3.0.1.tgz. Extracting by manifest.
287 silly tarball no local data for d3-shape@https://registry.npmjs.org/d3-shape/-/d3-shape-3.2.0.tgz. Extracting by manifest.
288 silly tarball no local data for d3-time-format@https://registry.npmjs.org/d3-time-format/-/d3-time-format-4.1.0.tgz. Extracting by manifest.
289 silly tarball no local data for d3-selection@https://registry.npmjs.org/d3-selection/-/d3-selection-3.0.0.tgz. Extracting by manifest.
290 silly tarball no local data for d3-scale-chromatic@https://registry.npmjs.org/d3-scale-chromatic/-/d3-scale-chromatic-3.1.0.tgz. Extracting by manifest.
291 silly tarball no local data for d3-scale@https://registry.npmjs.org/d3-scale/-/d3-scale-4.0.2.tgz. Extracting by manifest.
292 silly tarball no local data for d3-random@https://registry.npmjs.org/d3-random/-/d3-random-3.0.1.tgz. Extracting by manifest.
293 silly tarball no local data for d3-time@https://registry.npmjs.org/d3-time/-/d3-time-3.1.0.tgz. Extracting by manifest.
294 silly tarball no local data for d3-polygon@https://registry.npmjs.org/d3-polygon/-/d3-polygon-3.0.1.tgz. Extracting by manifest.
295 silly tarball no local data for d3-interpolate@https://registry.npmjs.org/d3-interpolate/-/d3-interpolate-3.0.1.tgz. Extracting by manifest.
296 silly tarball no local data for d3-hierarchy@https://registry.npmjs.org/d3-hierarchy/-/d3-hierarchy-3.1.2.tgz. Extracting by manifest.
297 silly tarball no local data for d3-quadtree@https://registry.npmjs.org/d3-quadtree/-/d3-quadtree-3.0.1.tgz. Extracting by manifest.
298 silly tarball no local data for d3-geo@https://registry.npmjs.org/d3-geo/-/d3-geo-3.1.1.tgz. Extracting by manifest.
299 silly tarball no local data for d3-format@https://registry.npmjs.org/d3-format/-/d3-format-3.1.2.tgz. Extracting by manifest.
300 silly tarball no local data for d3-force@https://registry.npmjs.org/d3-force/-/d3-force-3.0.0.tgz. Extracting by manifest.
301 silly tarball no local data for d3-fetch@https://registry.npmjs.org/d3-fetch/-/d3-fetch-3.0.1.tgz. Extracting by manifest.
302 silly tarball no local data for d3-ease@https://registry.npmjs.org/d3-ease/-/d3-ease-3.0.1.tgz. Extracting by manifest.
303 silly tarball no local data for d3-dsv@https://registry.npmjs.org/d3-dsv/-/d3-dsv-3.0.1.tgz. Extracting by manifest.
304 silly tarball no local data for d3-dispatch@https://registry.npmjs.org/d3-dispatch/-/d3-dispatch-3.0.1.tgz. Extracting by manifest.
305 silly tarball no local data for d3-delaunay@https://registry.npmjs.org/d3-delaunay/-/d3-delaunay-6.0.4.tgz. Extracting by manifest.
306 silly tarball no local data for d3-drag@https://registry.npmjs.org/d3-drag/-/d3-drag-3.0.0.tgz. Extracting by manifest.
307 silly tarball no local data for d3-path@https://registry.npmjs.org/d3-path/-/d3-path-3.1.0.tgz. Extracting by manifest.
308 silly tarball no local data for d3-contour@https://registry.npmjs.org/d3-contour/-/d3-contour-4.0.2.tgz. Extracting by manifest.
309 silly tarball no local data for d3-color@https://registry.npmjs.org/d3-color/-/d3-color-3.1.0.tgz. Extracting by manifest.
310 silly tarball no local data for d3-chord@https://registry.npmjs.org/d3-chord/-/d3-chord-3.0.1.tgz. Extracting by manifest.
311 silly tarball no local data for d3-axis@https://registry.npmjs.org/d3-axis/-/d3-axis-3.0.0.tgz. Extracting by manifest.
312 silly tarball no local data for d3-array@https://registry.npmjs.org/d3-array/-/d3-array-3.2.4.tgz. Extracting by manifest.
313 silly tarball no local data for d3@https://registry.npmjs.org/d3/-/d3-7.9.0.tgz. Extracting by manifest.
314 silly tarball no local data for d3-brush@https://registry.npmjs.org/d3-brush/-/d3-brush-3.0.0.tgz. Extracting by manifest.
315 http fetch GET 200 https://registry.npmjs.org/d3-timer/-/d3-timer-3.0.1.tgz 55ms (cache miss)
316 http fetch GET 200 https://registry.npmjs.org/internmap/-/internmap-2.0.3.tgz 56ms (cache miss)
317 http fetch GET 200 https://registry.npmjs.org/delaunator/-/delaunator-5.1.0.tgz 56ms (cache miss)
318 http fetch GET 200 https://registry.npmjs.org/commander/-/commander-7.2.0.tgz 57ms (cache miss)
319 http fetch GET 200 https://registry.npmjs.org/safer-buffer/-/safer-buffer-2.1.2.tgz 58ms (cache miss)
320 http fetch GET 200 https://registry.npmjs.org/d3-polygon/-/d3-polygon-3.0.1.tgz 66ms (cache miss)
321 http fetch GET 200 https://registry.npmjs.org/d3-zoom/-/d3-zoom-3.0.0.tgz 71ms (cache miss)
322 http fetch GET 200 https://registry.npmjs.org/d3-time/-/d3-time-3.1.0.tgz 73ms (cache miss)
323 http fetch GET 200 https://registry.npmjs.org/robust-predicates/-/robust-predicates-3.0.3.tgz 77ms (cache miss)
324 http fetch GET 200 https://registry.npmjs.org/rw/-/rw-1.3.3.tgz 79ms (cache miss)
325 http fetch GET 200 https://registry.npmjs.org/d3-random/-/d3-random-3.0.1.tgz 79ms (cache miss)
326 http fetch GET 200 https://registry.npmjs.org/d3-scale/-/d3-scale-4.0.2.tgz 82ms (cache miss)
327 http fetch GET 200 https://registry.npmjs.org/d3-interpolate/-/d3-interpolate-3.0.1.tgz 83ms (cache miss)
328 http fetch GET 200 https://registry.npmjs.org/iconv-lite/-/iconv-lite-0.6.3.tgz 85ms (cache miss)
329 http fetch GET 200 https://registry.npmjs.org/d3-hierarchy/-/d3-hierarchy-3.1.2.tgz 84ms (cache miss)
330 http fetch POST 200 https://registry.npmjs.org/-/npm/v1/security/advisories/bulk 171ms
331 silly audit report {}
332 http fetch GET 200 https://registry.npmjs.org/d3-fetch/-/d3-fetch-3.0.1.tgz 169ms (cache miss)
333 http fetch GET 200 https://registry.npmjs.org/d3-dispatch/-/d3-dispatch-3.0.1.tgz 169ms (cache miss)
334 http fetch GET 200 https://registry.npmjs.org/d3-shape/-/d3-shape-3.2.0.tgz 171ms (cache miss)
335 http fetch GET 200 https://registry.npmjs.org/d3-dsv/-/d3-dsv-3.0.1.tgz 172ms (cache miss)
336 http fetch GET 200 https://registry.npmjs.org/d3-delaunay/-/d3-delaunay-6.0.4.tgz 173ms (cache miss)
337 http fetch GET 200 https://registry.npmjs.org/d3-ease/-/d3-ease-3.0.1.tgz 174ms (cache miss)
338 http fetch GET 200 https://registry.npmjs.org/d3-force/-/d3-force-3.0.0.tgz 175ms (cache miss)
339 http fetch GET 200 https://registry.npmjs.org/d3-quadtree/-/d3-quadtree-3.0.1.tgz 176ms (cache miss)
340 http fetch GET 200 https://registry.npmjs.org/d3-drag/-/d3-drag-3.0.0.tgz 183ms (cache miss)
341 http fetch GET 200 https://registry.npmjs.org/d3-path/-/d3-path-3.1.0.tgz 186ms (cache miss)
342 http fetch GET 200 https://registry.npmjs.org/d3-chord/-/d3-chord-3.0.1.tgz 186ms (cache miss)
343 http fetch GET 200 https://registry.npmjs.org/d3-brush/-/d3-brush-3.0.0.tgz 189ms (cache miss)
344 http fetch GET 200 https://registry.npmjs.org/d3-contour/-/d3-contour-4.0.2.tgz 189ms (cache miss)
345 http fetch GET 200 https://registry.npmjs.org/d3-color/-/d3-color-3.1.0.tgz 191ms (cache miss)
346 http fetch GET 200 https://registry.npmjs.org/d3-axis/-/d3-axis-3.0.0.tgz 192ms (cache miss)
347 http fetch GET 200 https://registry.npmjs.org/d3-time-format/-/d3-time-format-4.1.0.tgz 196ms (cache miss)
348 http fetch GET 200 https://registry.npmjs.org/d3-transition/-/d3-transition-3.0.1.tgz 201ms (cache miss)
349 http fetch GET 200 https://registry.npmjs.org/d3-format/-/d3-format-3.1.2.tgz 204ms (cache miss)
350 http fetch GET 200 https://registry.npmjs.org/d3/-/d3-7.9.0.tgz 206ms (cache miss)
351 http fetch GET 200 https://registry.npmjs.org/d3-scale-chromatic/-/d3-scale-chromatic-3.1.0.tgz 209ms (cache miss)
352 http fetch GET 200 https://registry.npmjs.org/d3-selection/-/d3-selection-3.0.0.tgz 209ms (cache miss)
353 http fetch GET 200 https://registry.npmjs.org/d3-geo/-/d3-geo-3.1.1.tgz 208ms (cache miss)
354 http fetch GET 200 https://registry.npmjs.org/d3-array/-/d3-array-3.2.4.tgz 208ms (cache miss)
355 silly ADD node_modules/safer-buffer
356 silly ADD node_modules/robust-predicates
357 silly ADD node_modules/rw
358 silly ADD node_modules/iconv-lite
359 silly ADD node_modules/commander
360 silly ADD node_modules/delaunator
361 silly ADD node_modules/internmap
362 silly ADD node_modules/d3-zoom
363 silly ADD node_modules/d3-transition
364 silly ADD node_modules/d3-timer
365 silly ADD node_modules/d3-time-format
366 silly ADD node_modules/d3-time
367 silly ADD node_modules/d3-shape
368 silly ADD node_modules/d3-selection
369 silly ADD node_modules/d3-scale-chromatic
370 silly ADD node_modules/d3-scale
371 silly ADD node_modules/d3-random
372 silly ADD node_modules/d3-quadtree
373 silly ADD node_modules/d3-polygon
374 silly ADD node_modules/d3-path
375 silly ADD node_modules/d3-interpolate
376 silly ADD node_modules/d3-hierarchy
377 silly ADD node_modules/d3-geo
378 silly ADD node_modules/d3-format
379 silly ADD node_modules/d3-force
380 silly ADD node_modules/d3-fetch
381 silly ADD node_modules/d3-ease
382 silly ADD node_modules/d3-dsv
383 silly ADD node_modules/d3-drag
384 silly ADD node_modules/d3-dispatch
385 silly ADD node_modules/d3-delaunay
386 silly ADD node_modules/d3-contour
387 silly ADD node_modules/d3-color
388 silly ADD node_modules/d3-chord
389 silly ADD node_modules/d3-brush
390 silly ADD node_modules/d3-axis
391 silly ADD node_modules/d3-array
392 silly ADD node_modules/d3
393 verbose cwd /Users/khizar/zetesis/frontend
394 verbose os Darwin 25.2.0
395 verbose node v25.2.1
396 verbose npm  v11.6.2
397 notice
397 notice New minor version of npm available! 11.6.2 -> 11.14.1
397 notice Changelog: https://github.com/npm/cli/releases/tag/v11.14.1
397 notice To update run: npm install -g npm@11.14.1
397 notice  { force: true, Symbol(proc-log.meta): true }
398 verbose exit 0
399 info ok
